<?xml version="1.0" encoding="UTF-8"?>
<testsuites name="jest tests" tests="22" failures="0" errors="0" time="140.573">
  <testsuite name="Share Code" errors="0" failures="0" skipped="0" timestamp="2023-06-24T01:58:57" time="88.975" tests="3">
    <testcase classname="Share Code clicking share button should copy link" name="Share Code clicking share button should copy link" time="22.853">
    </testcase>
    <testcase classname="Share Code generated link should proceed to provided code" name="Share Code generated link should proceed to provided code" time="21.418">
    </testcase>
    <testcase classname="Share Code sharing code with link should work on already shared code link" name="Share Code sharing code with link should work on already shared code link" time="41.385">
    </testcase>
  </testsuite>
  <testsuite name="Parse Tree Preview" errors="0" failures="0" skipped="0" timestamp="2023-06-24T02:00:26" time="16.063" tests="2">
    <testcase classname="Parse Tree Preview render indicator for parse result processing while ongoing processing" name="Parse Tree Preview render indicator for parse result processing while ongoing processing" time="5.118">
    </testcase>
    <testcase classname="Parse Tree Preview render parse tree after parse result is processed" name="Parse Tree Preview render parse tree after parse result is processed" time="10.189">
    </testcase>
  </testsuite>
  <testsuite name="Autocomplete" errors="0" failures="0" skipped="0" timestamp="2023-06-24T02:00:43" time="14.926" tests="6">
    <testcase classname="Autocomplete the user selects a suggestion with arrow up and enter keys" name="Autocomplete the user selects a suggestion with arrow up and enter keys" time="2.454">
    </testcase>
    <testcase classname="Autocomplete the user selects a suggestion with arrow down and enter keys" name="Autocomplete the user selects a suggestion with arrow down and enter keys" time="2.448">
    </testcase>
    <testcase classname="Autocomplete the user cancels the suggestion with the escape key" name="Autocomplete the user cancels the suggestion with the escape key" time="2.226">
    </testcase>
    <testcase classname="Autocomplete the user shows suggestions with ctrl + enter keys" name="Autocomplete the user shows suggestions with ctrl + enter keys" time="2.397">
    </testcase>
    <testcase classname="Autocomplete the user types word that is not in the list" name="Autocomplete the user types word that is not in the list" time="2.403">
    </testcase>
    <testcase classname="Autocomplete the user types a keyword that partially matches suggestions" name="Autocomplete the user types a keyword that partially matches suggestions" time="2.207">
    </testcase>
  </testsuite>
  <testsuite name="Code Editor" errors="0" failures="0" skipped="0" timestamp="2023-06-24T02:00:57" time="11.861" tests="6">
    <testcase classname="Code Editor entering new text to the editor" name="Code Editor entering new text to the editor" time="2.209">
    </testcase>
    <testcase classname="Code Editor entering new invalid text to the editor" name="Code Editor entering new invalid text to the editor" time="1.88">
    </testcase>
    <testcase classname="Code Editor render errors for invalid input" name="Code Editor render errors for invalid input" time="1.579">
    </testcase>
    <testcase classname="Code Editor mark lines containing errors with red background" name="Code Editor mark lines containing errors with red background" time="1.562">
    </testcase>
    <testcase classname="Code Editor render no errors message on valid input" name="Code Editor render no errors message on valid input" time="2.112">
    </testcase>
    <testcase classname="Code Editor switching formal languages should switch parser" name="Code Editor switching formal languages should switch parser" time="1.228">
    </testcase>
  </testsuite>
  <testsuite name="Formal Language Examples" errors="0" failures="0" skipped="0" timestamp="2023-06-24T02:01:09" time="8.562" tests="5">
    <testcase classname="Formal Language Examples the user selects an example" name="Formal Language Examples the user selects an example" time="1.342">
    </testcase>
    <testcase classname="Formal Language Examples selecting of example should move to upper part of page" name="Formal Language Examples selecting of example should move to upper part of page" time="1.015">
    </testcase>
    <testcase classname="Formal Language Examples selecting of different formal language should change examples" name="Formal Language Examples selecting of different formal language should change examples" time="1.031">
    </testcase>
    <testcase classname="Formal Language Examples providing search phrase should change list of examples" name="Formal Language Examples providing search phrase should change list of examples" time="1.6">
    </testcase>
    <testcase classname="Formal Language Examples removing searching phrase should reset list of examples" name="Formal Language Examples removing searching phrase should reset list of examples" time="2.255">
    </testcase>
  </testsuite>
</testsuites>